// Jest Snapshot v1, https://goo.gl/fbAQLP

exports[`should render ExpenseList with expenses 1`] = `
<div>
  <ExpenseListItem
    amount={195}
    createdAt={0}
    description="Gum"
    id="1"
    key="1"
    note=""
  />
  <ExpenseListItem
    amount={1295}
    createdAt={-432000000}
    description="Lunch"
    id="2"
    key="2"
    note=""
  />
  <ExpenseListItem
    amount={6195}
    createdAt={432000000}
    description="Fuel"
    id="3"
    key="3"
    note=""
  />
</div>
`;

exports[`should render ExpenseList with no expenses 1`] = `
<div>
  <p>
    No expenses
  </p>
</div>
`;
